// Jest Snapshot v1, https://goo.gl/fbAQLP

exports[`renders the HikeList correctly 1`] = `
<div
  className="hikeList"
>
  
  <div
    className="hikeCard"
    style={
      Object {
        "backgroundImage": "url(https://i.pinimg.com/originals/77/85/91/7785910e63b1662e8abe313c8ef9d160.jpg)",
        "backgroundRepeat": "no-repeat",
        "backgroundSize": "cover",
      }
    }
  >
    <div
      className="overlay"
    >
      <div
        className="hikeCardText"
      >
        <a
          href="/hikes/undefined"
        >
            
          <h3>
            "
            "
          </h3>
          <p />
          <p />
        </a>
        <span
          onClick={[Function]}
        >
          ðŸ—‘
        </span>
      </div>
    </div>
  </div>
  <div
    className="hikeCard"
    style={
      Object {
        "backgroundImage": "url(https://i.pinimg.com/originals/77/85/91/7785910e63b1662e8abe313c8ef9d160.jpg)",
        "backgroundRepeat": "no-repeat",
        "backgroundSize": "cover",
      }
    }
  >
    <div
      className="overlay"
    >
      <div
        className="hikeCardText"
      >
        <a
          href="/hikes/undefined"
        >
            
          <h3>
            "
            "
          </h3>
          <p />
          <p />
        </a>
        <span
          onClick={[Function]}
        >
          ðŸ—‘
        </span>
      </div>
    </div>
  </div>
</div>
`;
